Radek
DodaneDośdane